
> build
> vite build

node.exe : [33mThe plugin "vite-tsconfig-paths" is detected. Vite now 
supports tsconfig paths resolution natively via the 
[1mresolve.tsconfigPaths[22m option. You can remove the plugin and set 
[1mresolve.tsconfigPaths: true[22m in your Vite config instead.[39m
At line:1 char:1
+ & "C:\Program Files\nodejs/node.exe" "C:\Program Files\nodejs/node_mo ...
+ ~~~~~~~~~~~~~~~~~~~~~~~~~~~~~~~~~~~~~~~~~~~~~~~~~~~~~~~~~~~~~~~~~~~~~
    + CategoryInfo          : NotSpecified: ([33mThe plugin...g instead.[39m 
   :String) [], RemoteException
    + FullyQualifiedErrorId : NativeCommandError
 
Warning: Route file 
"C:/Users/Cauchy/Documents/projeto/hcb-bandes/src/routes/admin.test.tsx" does 
not export a Route. This file will not be included in the route tree.

If this file is not intended to be a route, you can exclude it using one of 
these options:
  1. Rename the file to 
"C:\Users\Cauchy\Documents\projeto\hcb-bandes\src\routes\-admin.test.tsx" 
(prefix with "-")
  2. Use 'routeFileIgnorePattern' in your config to match this file

Current configuration:
  routeFileIgnorePrefix: "-"
  routeFileIgnorePattern: undefined
[36mvite v8.1.4 [32mbuilding client environment for production...[36m[39m
[2K
transforming...Ô£ô 1998 modules transformed.
rendering chunks...
computing gzip size...
.output/public/assets/family-keys-P9wmPOAM.jpg                   91.47 kB
.output/public/assets/partnership-CPY1G0vn.jpg                  114.41 kB
.output/public/assets/hero-building-Jr_Gcg_a.jpg                214.15 kB
.output/public/assets/condominium-D0FikzDW.jpg                  370.10 kB
.output/public/assets/styles-kcwSd9CM.css                       109.49 kB Ôöé gzip:  17.40 kB
.output/public/assets/loader-circle-DOjRMGab.js                   0.14 kB Ôöé gzip:   0.15 kB
.output/public/assets/plus-3lRZFPVh.js                            0.15 kB Ôöé gzip:   0.15 kB
.output/public/assets/search-DFfHyf62.js                          0.17 kB Ôöé gzip:   0.17 kB
.output/public/assets/circle-check-Ctv-XRrw.js                    0.17 kB Ôöé gzip:   0.16 kB
.output/public/assets/target-CkCR1Jdr.js                          0.22 kB Ôöé gzip:   0.16 kB
.output/public/assets/download-D4jgyefn.js                        0.23 kB Ôöé gzip:   0.19 kB
.output/public/assets/activity-Ca2u3MvM.js                        0.23 kB Ôöé gzip:   0.20 kB
.output/public/assets/database-2kDGadmI.js                        0.24 kB Ôöé gzip:   0.20 kB
.output/public/assets/banknote-DiqCxcxV.js                        0.24 kB Ôöé gzip:   0.20 kB
.output/public/assets/users-round-CKOzIExr.js                     0.25 kB Ôöé gzip:   0.21 kB
.output/public/assets/eye-DLDNKCOv.js                             0.25 kB Ôöé gzip:   0.20 kB
.output/public/assets/triangle-alert-BxC__je5.js                  0.26 kB Ôöé gzip:   0.21 kB
.output/public/assets/award-BaV415_N.js                           0.27 kB Ôöé gzip:   0.22 kB
.output/public/assets/inbox-CSIr3c_w.js                           0.28 kB Ôöé gzip:   0.23 kB
.output/public/assets/trending-up-Cv2aW5qG.js                     0.28 kB Ôöé gzip:   0.22 kB
.output/public/assets/shopping-cart-D9jNHbk5.js                   0.29 kB Ôöé gzip:   0.23 kB
.output/public/assets/admin-permissions-DwNTdRjB.js               0.29 kB Ôöé gzip:   0.23 kB
.output/public/assets/users-Czv5pWCB.js                           0.30 kB Ôöé gzip:   0.22 kB
.output/public/assets/save-Da9ACcvH.js                            0.32 kB Ôöé gzip:   0.22 kB
.output/public/assets/trash-2-CXuC6630.js                         0.32 kB Ôöé gzip:   0.21 kB
.output/public/assets/file-chart-column-increasing-5EOKNfXc.js    0.40 kB Ôöé gzip:   0.26 kB
.output/public/assets/sparkles-Da8Qmvpv.js                        0.49 kB Ôöé gzip:   0.28 kB
.output/public/assets/landmark-FmezSVUk.js                        0.62 kB Ôöé gzip:   0.35 kB
.output/public/assets/user-cog-BqMrKkWU.js                        0.64 kB Ôöé gzip:   0.33 kB
.output/public/assets/shield-check-Cisk0IxJ.js                    0.65 kB Ôöé gzip:   0.38 kB
.output/public/assets/handshake-CH0Fb-qh.js                       0.77 kB Ôöé gzip:   0.39 kB
.output/public/assets/export-utils-DsI1Izph.js                    0.98 kB Ôöé gzip:   0.60 kB
.output/public/assets/section-BoRB0fBw.js                         1.30 kB Ôöé gzip:   0.53 kB
.output/public/assets/modelo-B9j3ZIg8.js                          2.15 kB Ôöé gzip:   1.11 kB
.output/public/assets/beneficios-DijG7FCi.js                      2.46 kB Ôöé gzip:   1.23 kB
.output/public/assets/missao-visao-BjBp666L.js                    2.49 kB Ôöé gzip:   1.05 kB
.output/public/assets/diferenciais-ByW6WQmt.js                    2.77 kB Ôöé gzip:   1.27 kB
.output/public/assets/quem-somos-D0Nb5zAv.js                      2.82 kB Ôöé gzip:   1.37 kB
.output/public/assets/admin.parceiros-icehWn9C.js                 3.03 kB Ôöé gzip:   1.26 kB
.output/public/assets/servicos-DVlfe-_q.js                        3.39 kB Ôöé gzip:   1.48 kB
.output/public/assets/react-dom-ibHLSIHA.js                       3.55 kB Ôöé gzip:   1.34 kB
.output/public/assets/admin.definicoes-DFz_0Mj9.js                4.19 kB Ôöé gzip:   1.50 kB
.output/public/assets/admin.auditoria-DTHLp9dT.js                 4.77 kB Ôöé gzip:   1.71 kB
.output/public/assets/admin.conteudos-QSWh4g6j.js                 4.94 kB Ôöé gzip:   2.06 kB
.output/public/assets/admin.permissoes-BglaIYj2.js                5.10 kB Ôöé gzip:   1.86 kB
.output/public/assets/admin.servicos-CXpdrpGg.js                  6.73 kB Ôöé gzip:   2.04 kB
.output/public/assets/admin.index-CzFPcIL1.js                     6.83 kB Ôöé gzip:   2.20 kB
.output/public/assets/admin.relatorios-DkGZNGvt.js                8.64 kB Ôöé gzip:   2.57 kB
.output/public/assets/createLucideIcon-OfEfW0oG.js                9.16 kB Ôöé gzip:   3.66 kB
.output/public/assets/admin-DU0fT_ue.js                           9.48 kB Ôöé gzip:   3.20 kB
.output/public/assets/admin.database-BuMB46tm.js                 10.32 kB Ôöé gzip:   3.24 kB
.output/public/assets/admin.leads-CZdIdABk.js                    12.09 kB Ôöé gzip:   3.17 kB
.output/public/assets/mock-data-nOaJIL1E.js                      13.83 kB Ôöé gzip:   4.85 kB
.output/public/assets/admin.pedidos-3T9DHCv_.js                  14.02 kB Ôöé gzip:   3.58 kB
.output/public/assets/routes-AyHE5hSf.js                         14.58 kB Ôöé gzip:   4.23 kB
.output/public/assets/admin.utilizadores-CEUuSo2r.js             16.52 kB Ôöé gzip:   4.61 kB
.output/public/assets/contactos-Bdwx3on3.js                      66.43 kB Ôöé gzip:  16.24 kB
.output/public/assets/index-DFl8zfG8.js                         603.55 kB Ôöé gzip: 175.43 kB

[32mÔ£ô built in 2m 5s[39m
[33m[plugin builtin:vite-reporter] 
(!) Some chunks are larger than 500 kB after minification. Consider:
- Using dynamic import() to code-split the application
- Use build.rolldownOptions.output.codeSplitting to improve chunking: 
https://rolldown.rs/reference/OutputOptions.codeSplitting
- Adjust chunk size limit for this warning via 
build.chunkSizeWarningLimit.[39m
[36mvite v8.1.4 [32mbuilding ssr environment for production...[36m[39m
[2K
transforming...Ô£ô 120 modules transformed.
rendering chunks...
computing gzip size...
node_modules/.nitro/vite/services/ssr/assets/family-keys-P9wmPOAM.jpg                 91.47 kB
node_modules/.nitro/vite/services/ssr/assets/partnership-CPY1G0vn.jpg                114.41 kB
node_modules/.nitro/vite/services/ssr/assets/hero-building-Jr_Gcg_a.jpg              214.15 kB
node_modules/.nitro/vite/services/ssr/assets/condominium-D0FikzDW.jpg                370.10 kB
node_modules/.nitro/vite/services/ssr/assets/styles-kcwSd9CM.css                     109.49 kB Ôöé gzip: 17.40 kB
node_modules/.nitro/vite/services/ssr/assets/hero-building-DmLOz9oB.js                 0.15 kB Ôöé gzip:  0.12 kB
node_modules/.nitro/vite/services/ssr/assets/empty-plugin-adapters-D9UWiqvJ.js         0.22 kB Ôöé gzip:  0.16 kB
node_modules/.nitro/vite/services/ssr/assets/admin-permissions-DfnGiRD9.js             0.65 kB Ôöé gzip:  0.36 kB
node_modules/.nitro/vite/services/ssr/assets/createMiddleware-B_4t7rW1.js              0.83 kB Ôöé gzip:  0.32 kB
node_modules/.nitro/vite/services/ssr/assets/start-BcSBlhe9.js                         1.43 kB Ôöé gzip:  0.66 kB
node_modules/.nitro/vite/services/ssr/assets/export-utils-Cs_H1Gn1.js                  1.70 kB Ôöé gzip:  0.88 kB
node_modules/.nitro/vite/services/ssr/assets/section-DdK34CCR.js                       1.80 kB Ôöé gzip:  0.66 kB
node_modules/.nitro/vite/services/ssr/assets/site-settings-DbUn0N9a.js                 1.88 kB Ôöé gzip:  0.76 kB
node_modules/.nitro/vite/services/ssr/assets/diferenciais-B6EJZevT.js                  2.31 kB Ôöé gzip:  1.08 kB
node_modules/.nitro/vite/services/ssr/assets/modelo-Z4Lla6Vl.js                        2.61 kB Ôöé gzip:  1.25 kB
node_modules/.nitro/vite/services/ssr/assets/beneficios-DYjfeFjL.js                    3.05 kB Ôöé gzip:  1.38 kB
node_modules/.nitro/vite/services/ssr/assets/missao-visao-BPbrwsHb.js                  3.13 kB Ôöé gzip:  1.21 kB
node_modules/.nitro/vite/services/ssr/index.js                                         3.27 kB Ôöé gzip:  1.41 kB
node_modules/.nitro/vite/services/ssr/assets/quem-somos-DBzjEyQq.js                    3.42 kB Ôöé gzip:  1.40 kB
node_modules/.nitro/vite/services/ssr/assets/servicos-DPqkBM1g.js                      3.59 kB Ôöé gzip:  1.40 kB
node_modules/.nitro/vite/services/ssr/assets/admin.parceiros-DcLEX-fc.js               4.13 kB Ôöé gzip:  1.50 kB
node_modules/.nitro/vite/services/ssr/assets/admin.definicoes-uZ7tkL8O.js              5.83 kB Ôöé gzip:  1.74 kB
node_modules/.nitro/vite/services/ssr/assets/leads-store-BwsfZSba.js                   5.85 kB Ôöé gzip:  2.36 kB
node_modules/.nitro/vite/services/ssr/assets/admin.conteudos-B0UMRQZF.js               6.83 kB Ôöé gzip:  2.45 kB
node_modules/.nitro/vite/services/ssr/assets/admin.auditoria-CFM70pA0.js               7.35 kB Ôöé gzip:  2.11 kB
node_modules/.nitro/vite/services/ssr/assets/admin.permissoes-CBzWaOB_.js              7.38 kB Ôöé gzip:  2.21 kB
node_modules/.nitro/vite/services/ssr/assets/_tanstack-start-manifest_v-ufwylp54.js    7.67 kB Ôöé gzip:  1.48 kB
node_modules/.nitro/vite/services/ssr/assets/admin.index-DuevZX21.js                   9.05 kB Ôöé gzip:  2.28 kB
node_modules/.nitro/vite/services/ssr/assets/admin.servicos-rY5WSAug.js                9.42 kB Ôöé gzip:  2.28 kB
node_modules/.nitro/vite/services/ssr/assets/admin-klc5MxxP.js                        11.72 kB Ôöé gzip:  3.35 kB
node_modules/.nitro/vite/services/ssr/assets/admin.relatorios-mdVYITBH.js             13.09 kB Ôöé gzip:  3.04 kB
node_modules/.nitro/vite/services/ssr/assets/admin.database-BiOZ8eez.js               13.70 kB Ôöé gzip:  3.21 kB
node_modules/.nitro/vite/services/ssr/assets/supabase-data-Cj2YZ-qf.js                14.04 kB Ôöé gzip:  3.53 kB
node_modules/.nitro/vite/services/ssr/assets/contactos-nXcufsSa.js                    14.07 kB Ôöé gzip:  4.13 kB
node_modules/.nitro/vite/services/ssr/assets/admin.leads-B2rtwZ38.js                  17.73 kB Ôöé gzip:  3.95 kB
node_modules/.nitro/vite/services/ssr/assets/mock-data-CpufLwKB.js                    18.35 kB Ôöé gzip:  5.61 kB
node_modules/.nitro/vite/services/ssr/assets/routes-BaQiEeiI.js                       19.39 kB Ôöé gzip:  4.92 kB
node_modules/.nitro/vite/services/ssr/assets/admin.pedidos-BGGviD91.js                21.51 kB Ôöé gzip:  4.57 kB
node_modules/.nitro/vite/services/ssr/assets/admin.utilizadores-CORt5KN3.js           26.20 kB Ôöé gzip:  5.61 kB
node_modules/.nitro/vite/services/ssr/assets/router-CfcuIK-R.js                       31.74 kB Ôöé gzip:  6.80 kB
node_modules/.nitro/vite/services/ssr/assets/server-Ck1p7XgL.js                       58.73 kB Ôöé gzip: 15.11 kB

[33m[33m[PLUGIN_TIMINGS] [0mYour build spent significant time in plugins. 
Here is a breakdown:
  - tanstack-start-core:import-protection (31%)
  - tanstack-start-core:import-protection-transform-cache (26%)
  - vite-tsconfig-paths (22%)
  - tanstack-router:code-splitter:compile-reference-file (6%)
  - tanstack-router:code-splitter:compile-virtual-file (6%)
See https://rolldown.rs/reference/InputOptions.checks#plugintimings for more 
details.
[39m
[32mÔ£ô built in 16.68s[39m

[90m[[90mnitro[90m][39m [35mÔùÉ[39m Building [[35mNitro[39m] [2m(preset: [36mcloudflare-module[39m, compatibility: [36m2026-07-12[39m)[22m
[90m[[90mnitro[90m][39m [32mÔ£ö[39m Generated public [36m.output/public[39m
[36mvite v8.1.4 [32mbuilding nitro environment for production...[36m[39m

[43m[30m WARN [39m[49m [36minlineDynamicImports[39m option is ignored 
because the [36mcodeSplitting[39m option is specified.

[2K
transforming...Ô£ô 2007 modules transformed.
rendering chunks...
computing gzip size...
.output/server/_ssr/hero-building-DmLOz9oB.mjs            0.19 kB Ôöé gzip:   0.15 kB
.output/server/_ssr/empty-plugin-adapters-D9UWiqvJ.mjs    0.23 kB Ôöé gzip:   0.16 kB
.output/server/_chunks/ssr-renderer.mjs                   0.60 kB Ôöé gzip:   0.36 kB
.output/server/_ssr/admin-permissions-DfnGiRD9.mjs        0.70 kB Ôöé gzip:   0.39 kB
.output/server/_ssr/createMiddleware-B_4t7rW1.mjs         0.83 kB Ôöé gzip:   0.33 kB
.output/server/_runtime.mjs                               1.14 kB Ôöé gzip:   0.57 kB
.output/server/_libs/hookable.mjs                         1.16 kB Ôöé gzip:   0.51 kB
.output/server/_ssr/start-BcSBlhe9.mjs                    1.39 kB Ôöé gzip:   0.65 kB
.output/server/_ssr/export-utils-Cs_H1Gn1.mjs             1.70 kB Ôöé gzip:   0.90 kB
.output/server/_ssr/site-settings-DbUn0N9a.mjs            1.93 kB Ôöé gzip:   0.79 kB
.output/server/_ssr/section-DdK34CCR.mjs                  2.17 kB Ôöé gzip:   0.74 kB
.output/server/_ssr/diferenciais-B6EJZevT.mjs             2.69 kB Ôöé gzip:   1.17 kB
.output/server/_ssr/modelo-Z4Lla6Vl.mjs                   2.94 kB Ôöé gzip:   1.32 kB
.output/server/_ssr/ssr.mjs                               3.21 kB Ôöé gzip:   1.42 kB
.output/server/_ssr/beneficios-DYjfeFjL.mjs               3.52 kB Ôöé gzip:   1.47 kB
.output/server/_ssr/missao-visao-BPbrwsHb.mjs             3.71 kB Ôöé gzip:   1.29 kB
.output/server/_ssr/quem-somos-DBzjEyQq.mjs               3.93 kB Ôöé gzip:   1.48 kB
.output/server/_ssr/servicos-DPqkBM1g.mjs                 4.12 kB Ôöé gzip:   1.48 kB
.output/server/_ssr/admin.parceiros-DcLEX-fc.mjs          4.86 kB Ôöé gzip:   1.62 kB
.output/server/_ssr/leads-store-BwsfZSba.mjs              5.90 kB Ôöé gzip:   2.39 kB
.output/server/_ssr/admin.definicoes-uZ7tkL8O.mjs         6.87 kB Ôöé gzip:   1.87 kB
.output/server/_ssr/admin.conteudos-B0UMRQZF.mjs          7.68 kB Ôöé gzip:   2.57 kB
.output/server/_tanstack-start-manifest_v-ufwylp54.mjs    7.73 kB Ôöé gzip:   1.51 kB
.output/server/_ssr/admin.permissoes-CBzWaOB_.mjs         8.64 kB Ôöé gzip:   2.34 kB
.output/server/_ssr/admin.auditoria-CFM70pA0.mjs          8.66 kB Ôöé gzip:   2.23 kB
.output/server/_libs/h3-v2+rou3.mjs                       9.81 kB Ôöé gzip:   3.05 kB
.output/server/_ssr/admin.index-DuevZX21.mjs             10.63 kB Ôöé gzip:   2.44 kB
.output/server/_ssr/admin.servicos-rY5WSAug.mjs          11.04 kB Ôöé gzip:   2.42 kB
.output/server/_libs/tanstack__history.mjs               12.09 kB Ôöé gzip:   3.48 kB
.output/server/_libs/supabase__functions-js.mjs          12.11 kB Ôöé gzip:   3.31 kB
.output/server/_ssr/admin-klc5MxxP.mjs                   13.58 kB Ôöé gzip:   3.55 kB
.output/server/_ssr/supabase-data-Cj2YZ-qf.mjs           14.06 kB Ôöé gzip:   3.57 kB
.output/server/_libs/h3+rou3+srvx.mjs                    14.88 kB Ôöé gzip:   4.42 kB
.output/server/_ssr/admin.relatorios-mdVYITBH.mjs        15.21 kB Ôöé gzip:   3.19 kB
.output/server/_ssr/contactos-nXcufsSa.mjs               15.84 kB Ôöé gzip:   4.28 kB
.output/server/_ssr/admin.database-BiOZ8eez.mjs          16.04 kB Ôöé gzip:   3.36 kB
.output/server/_libs/react+tanstack__react-query.mjs     17.65 kB Ôöé gzip:   4.65 kB
.output/server/_ssr/mock-data-CpufLwKB.mjs               19.40 kB Ôöé gzip:   5.72 kB
.output/server/_ssr/admin.leads-B2rtwZ38.mjs             20.58 kB Ôöé gzip:   4.11 kB
.output/server/_ssr/routes-BaQiEeiI.mjs                  21.82 kB Ôöé gzip:   5.05 kB
.output/server/index.mjs                                 23.57 kB Ôöé gzip:   6.44 kB
.output/server/_ssr/admin.pedidos-BGGviD91.mjs           24.90 kB Ôöé gzip:   4.72 kB
.output/server/_ssr/admin.utilizadores-CORt5KN3.mjs      30.18 kB Ôöé gzip:   5.77 kB
.output/server/_ssr/router-CfcuIK-R.mjs                  32.78 kB Ôöé gzip:   6.80 kB
.output/server/_libs/supabase__supabase-js.mjs           34.04 kB Ôöé gzip:   9.94 kB
.output/server/_libs/lucide-react.mjs                    36.88 kB Ôöé gzip:   7.11 kB
.output/server/_libs/tanstack__query-core.mjs            47.96 kB Ôöé gzip:  10.65 kB
.output/server/_libs/supabase__phoenix.mjs               49.12 kB Ôöé gzip:  12.36 kB
.output/server/_libs/sonner.mjs                          51.96 kB Ôöé gzip:  11.78 kB
.output/server/_ssr/server-Ck1p7XgL.mjs                  56.92 kB Ôöé gzip:  14.95 kB
.output/server/_libs/supabase__realtime-js+unenv.mjs     77.83 kB Ôöé gzip:  19.86 kB
.output/server/_libs/@tanstack/router-core+[...].mjs     80.17 kB Ôöé gzip:  20.17 kB
.output/server/_libs/zod.mjs                             99.92 kB Ôöé gzip:  17.27 kB
.output/server/_libs/supabase__postgrest-js.mjs         105.41 kB Ôöé gzip:  21.66 kB
.output/server/_libs/@supabase/storage-js+[...].mjs     118.94 kB Ôöé gzip:  22.11 kB
.output/server/_libs/supabase__auth-js+tslib.mjs        303.25 kB Ôöé gzip:  60.63 kB
.output/server/_libs/@tanstack/react-router+[...].mjs   663.87 kB Ôöé gzip: 139.87 kB

[32mÔ£ô built in 12.47s[39m
[90m[[90mnitro[90m][39m [36mÔä╣[39m Using auto generated worker name: [36maugustocambamba28867-hcb-bandes[39m
[36mÔä╣[39m Generated [36m.output/server/wrangler.json[39m
[36mÔä╣[39m Generated [36m.wrangler/deploy/config.json[39m
[36mÔä╣[39m Generated [36m.output/public/_headers[39m
[36mÔä╣[39m Generated [36m.output/nitro.json[39m

[90m[[90mnitro[90m][39m [32mÔ£ö[39m You can preview this build using [36mnpx vite preview[39m
[90m[[90mnitro[90m][39m [32mÔ£ö[39m You can deploy this build using [36mnpx nitro deploy --prebuilt[39m
